[replit.com/@YodaCode/fx-us-66738.html]
[backblue.gif]
[fade.gif]
[index.html]
[replit.com/public/icons/favicon-196.png]
[replit.com/public/icons/apple-icon-180.png]
[cdn.replit.com/_next/static/css/a351c6c61cec9047923a.css]
[cdn.replit.com/_next/static/css/e69ae3ed566d9eb19e64.css]
[cdn.replit.com/_next/static/chunks/polyfills-a40ef1678bae11e696dba45124eadd70.js]
[cdn.replit.com/_next/static/chunks/webpack-eb91899975a9bfce8fb4.js]
[cdn.replit.com/_next/static/chunks/framework-3fc604889859e5e9bfd8.js]
[cdn.replit.com/_next/static/chunks/main-964d15e8e16397b837e9.js]
[cdn.replit.com/_next/static/chunks/pages/_app-0683bc20ce61bb909c95.js]
[cdn.replit.com/_next/static/chunks/4ad82c5e-71c2ff86a4e980d7d158.js]
[cdn.replit.com/_next/static/chunks/fbb05e6d-1fbbafb04f7852e2903b.js]
[cdn.replit.com/_next/static/chunks/478a99c2-efe71507c304cbb89876.js]
[cdn.replit.com/_next/static/chunks/7b63a08e-f5d3c0a677940ced1974.js]
[cdn.replit.com/_next/static/chunks/632cba62-ab6866e7d0d3287b970c.js]
[cdn.replit.com/_next/static/chunks/1164-611dfdcb20edc7f4471c.js]
[cdn.replit.com/_next/static/chunks/724-9f8bc538a76b3c211298.js]
[cdn.replit.com/_next/static/chunks/6346-f508a65561e7d94bb3a5.js]
[cdn.replit.com/_next/static/chunks/6001-f5c5ba16b1e11b912fe6.js]
[cdn.replit.com/_next/static/chunks/4778-444511c3c00853205467.js]
[cdn.replit.com/_next/static/chunks/9183-6da41488255c13971379.js]
[cdn.replit.com/_next/static/chunks/9328-c7616e750c143e8bee5a.js]
[cdn.replit.com/_next/static/chunks/9710-6ae41c037eae5f3664fd.js]
[cdn.replit.com/_next/static/chunks/3129-7fbbc393573635211a24.js]
[cdn.replit.com/_next/static/chunks/8944-34a559d97583ab96f55d.js]
[cdn.replit.com/_next/static/chunks/7539-9520291928552a6dd6c1.js]
[cdn.replit.com/_next/static/chunks/5332-9c2128d082ae82b8391c.js]
[cdn.replit.com/_next/static/chunks/3679-0fa844edf8d1e7953c60.js]
[cdn.replit.com/_next/static/chunks/1889-4c8ada933c625c811cac.js]
[cdn.replit.com/_next/static/chunks/1674-b61bb7deee29c93fd97a.js]
[cdn.replit.com/_next/static/chunks/6518-f81a430c7e1693fc8070.js]
[cdn.replit.com/_next/static/chunks/4837-477856144b4b2b0cf3ec.js]
[cdn.replit.com/_next/static/chunks/7171-8768c01e0b8cf4ec52e1.js]
[cdn.replit.com/_next/static/chunks/3870-1c2a84d0bd2dbc6175c3.js]
[cdn.replit.com/_next/static/chunks/2378-aefa44b8cc946132c506.js]
[cdn.replit.com/_next/static/chunks/1120-d56883224d97aab7e29e.js]
[cdn.replit.com/_next/static/chunks/881-d0810ac7c473fc01795e.js]
[cdn.replit.com/_next/static/chunks/7702-68301e06a71c774906e4.js]
[cdn.replit.com/_next/static/chunks/7385-5548a6d886e69622f542.js]
[cdn.replit.com/_next/static/chunks/6253-4b09ba1c17878de02d67.js]
[cdn.replit.com/_next/static/chunks/9270-47d806a3585dfea554a8.js]
[cdn.replit.com/_next/static/chunks/9222-05b2624e703d8fe5f03a.js]
[cdn.replit.com/_next/static/chunks/5326-0c4adcb0886c9ac7b756.js]
[cdn.replit.com/_next/static/chunks/4807-f8c8f6e62fbe37acd9a1.js]
[cdn.replit.com/_next/static/chunks/7264-a36e245fd925d33a7f8d.js]
[cdn.replit.com/_next/static/chunks/2344-f3cb02b956beefcc0d59.js]
[cdn.replit.com/_next/static/chunks/1578-4ce067673e16d1466670.js]
[cdn.replit.com/_next/static/chunks/3286-7bc635f27f9a5e9266a5.js]
[cdn.replit.com/_next/static/chunks/1609-a0412cd702a3dd8e5e43.js]
[cdn.replit.com/_next/static/chunks/1295-c091650b14513acc68d3.js]
[cdn.replit.com/_next/static/chunks/3819-767df89b85576c3048e8.js]
[cdn.replit.com/_next/static/chunks/1331-ea45cac96f0a3adc5d10.js]
[cdn.replit.com/_next/static/chunks/9739-24c6d0e6c80e4ab70740.js]
[cdn.replit.com/_next/static/chunks/pages/replEnvironment-4c605ef69342760191c2.js]
[cdn.replit.com/_next/static/fu7_UZjloOzrpP2CpGXN5/_buildManifest.js]
[cdn.replit.com/_next/static/fu7_UZjloOzrpP2CpGXN5/_ssgManifest.js]
[replit.com/@YodaCode/fx-us-66738.html]
[cdn.replit.com/_next/static/css/a351c6c61cec9047923a.css]
[cdn.replit.com/_next/static/css/e69ae3ed566d9eb19e64.css]
